---
source: tests/alloc/src/main.rs
---
             snippet  allocs     churn      peak
             -------  ------     -----      ----
                   a       3        83        75
                abbr       3        92        84
             address       8       577       427
                area       4       345       276
             article      15      2641      1464
               aside      11       744       395
               audio       2        99        99
                   b       7       214       156
                base       2        69        69
                 bdi       3        91        78
                 bdo       3        91        91
          blockquote      14      3440      1869
                body       4       110        97
                  br       8       298       210
              button       4       139       122
              canvas       6       729       474
             caption       3       130       130
                cite       3       103        84
                code       2        36        36
                 col       3       154       132
            colgroup       4      2605      2597
                data       3       101        93
            datalist       9      4596      4368
                  dd       5       241       209
                 del       5       216       179
             details       6       263       216
                 dfn       7       278       184
              dialog      10       797       611
                 div       9       570       382
                  dl      17      1300       662
             doctype       1        15        15
                  dt       5       234       202
                  em       3        64        56
               embed       3       168       144
            fieldset      11      1252       871
          figcaption       5       255       168
              figure       9       577       402
              footer      11       636       302
                form      12       661       393
                  h1       3       101       101
                  h2       2        38        38
                  h3       7       304       201
                  h4       3        95        95
                head      10       887       628
              header       6       221       180
              hgroup      12      1650       995
                  hr       6       463       350
                   i       3        42        34
              iframe       3       245       210
                 img       3       154       132
               input       2        72        72
                 ins       5       213       176
                 kbd       2        34        34
               label       7       472       319
              legend       3       122       122
                  li       4        97        81
                link       2        69        69
                main       2        41        41
                 map       7      2186      2024
                mark       7       422       258
                menu       9      5292      5224
                meta       3       161       138
               meter      11       291       250
                 nav      25      2955      1274
            noscript       3       140       140
              object       3       245       210
                  ol       8      4040      3954
            optgroup      10      4291      4170
              option       3       114       105
              output       3       113       105
                   p       3        99        99
             picture       7       521       412
                 pre       9      1055       829
            progress       5       141       133
                   q       5       354       283
                root       6       230       181
                  rp       5        96        72
                  rt       2        32        32
                ruby       9       235       176
                   s       4       158       129
                samp       3       109       109
              script       4       153       129
              search      16      1852       849
             section      11      1778      1431
              select       9       583       427
                slot       1        31        31
               small       4       335       234
              source       3       175       150
                span       3        93        84
              strong       3       119        96
               style       7      1007       966
                 sub       3        43        35
             summary       2        46        46
                 sup       3        45        37
               table      44     12247      8840
               tbody      18      3572      3163
                  td       3       112       112
            template      17      1271       795
            textarea       3       127       127
               tfoot      10      1891      1645
                  th       3        94        94
               thead      11      1740      1602
                time       3       103        93
               title       4       259       180
                  tr       9       476       327
               track       3       168       144
                   u       3        45        37
                  ul       8      3999      3951
                 var       3       110       102
               video       3       231       198
                 wbr       2        57        57
