---
source: tests/alloc/src/main.rs
---
             snippet  allocs     churn      peak
             -------  ------     -----      ----
                   a       2        75        75
                abbr       2        84        84
             address       6       570       440
                area       4       345       276
             article       9      1987      1289
               aside       8       595       384
               audio       2        99        99
                   b       4       190       156
                base       2        69        69
                 bdi       2        78        78
                 bdo       2        78        78
          blockquote      11      3130      1844
                body       1        28        28
                  br       7       260       172
              button       2       105       105
              canvas       3       446       411
             caption       2       102       102
                cite       2        84        84
                code       1        28        28
                 col       3       154       132
            colgroup       3      2597      2597
                data       2        93        93
            datalist       5      4476      4368
                  dd       3       168       144
                 del       3       203       174
             details       4       213       179
                 dfn       5       232       184
              dialog       7       685       518
                 div       5       287       226
                  dl      11      1176       725
             doctype       1        15        15
                  dt       3       168       144
                  em       2        56        56
               embed       3       168       144
            fieldset       7       990       727
          figcaption       3       196       168
              figure       6       546       430
              footer       8       489       294
                form       9       624       396
                  h1       2        72        72
                  h2       1        24        24
                  h3       5       251       201
                  h4       2        72        72
                head       7       715       526
              header       4       171       146
              hgroup       7      1358      1051
                  hr       4       351       282
                   i       2        34        34
              iframe       3       245       210
                 img       3       154       132
               input       2        72        72
                 ins       3       203       174
                 kbd       1        26        26
               label       6       388       304
              legend       2        96        96
                  li       2        81        81
                link       2        69        69
                main       1        28        28
                 map       6      2178      2024
                mark       6       408       258
                menu       4      5252      5224
                meta       3       161       138
               meter       9       279       246
                 nav      18      2369      1104
            noscript       2       108       108
              object       3       245       210
                  ol       4      3981      3954
            optgroup       4      4209      4170
              option       2       105       105
              output       2       105       105
                   p       2        66        66
             picture       6       533       424
                 pre       7       982       829
            progress       4       133       133
                   q       3       262       237
                root       2        84        84
                  rp       2        72        72
                  rt       1        24        24
                ruby       5       173       138
                   s       3       150       129
                samp       2        84        84
              script       2       105       105
              search      10      1551       835
             section       7      1679      1408
              select       6       577       437
                slot       1        31        31
               small       3       264       234
              source       3       175       150
                span       2        84        84
              strong       2        96        96
               style       5       867       867
                 sub       2        35        35
             summary       1        34        34
                 sup       2        37        37
               table      24     10829      8770
               tbody      11      3473      3202
                  td       2        81        81
            template      10       975       689
            textarea       2       117       117
               tfoot       7      1739      1619
                  th       2        81        81
               thead       7      1682      1571
                time       2        93        93
               title       3       210       180
                  tr       6       450       345
               track       3       168       144
                   u       2        37        37
                  ul       4      3960      3936
                 var       2       102       102
               video       3       231       198
                 wbr       2        57        57
