---
source: tests/alloc/src/main.rs
---
             snippet  allocs     churn      peak
             -------  ------     -----      ----
                   a       2        75        75
                abbr       2        84        84
             address       5       520       428
                area       4       345       276
             article       7      1848      1289
               aside       7       570       384
               audio       2        99        99
                   b       1        79        79
                base       2        69        69
                 bdi       1        42        42
                 bdo       2        78        78
          blockquote       9      2811      1844
                body       1        28        28
                  br       5       224       170
              button       2       105       105
              canvas       3       497       426
             caption       2       102       102
                cite       2        84        84
                code       1        28        28
                 col       2       135       135
            colgroup       3      2597      2597
                data       2        93        93
            datalist       5      4476      4368
                  dd       2       147       147
                 del       3       203       174
             details       3       150       150
                 dfn       4       202       180
              dialog       5       644       524
                 div       4       253       227
                  dl       8      1038       720
             doctype       1        15        15
                  dt       2       147       147
                  em       1        44        44
               embed       3       168       144
            fieldset       5       783       653
          figcaption       2       207       207
              figure       5       557       456
              footer       8       489       294
                form       6       454       333
                  h1       2        72        72
                  h2       1        24        24
                  h3       4       225       201
                  h4       2        72        72
                head       5       604       498
              header       4       171       146
              hgroup       6      1333      1051
                  hr       3       462       396
                   i       1        27        27
              iframe       3       245       210
                 img       3       154       132
               input       2        72        72
                 ins       3       203       174
                 kbd       1        26        26
               label       5       375       304
              legend       2        96        96
                  li       1        55        55
                link       2        69        69
                main       1        28        28
                 map       5      2276      2120
                mark       2       219       219
                menu       4      5252      5224
                meta       3       161       138
               meter       9       279       246
                 nav      14      2068      1104
            noscript       2       108       108
              object       3       245       210
                  ol       4      3981      3954
            optgroup       4      4209      4170
              option       2       105       105
              output       2       105       105
                   p       2        66        66
             picture       6       694       516
                 pre       6       959       829
            progress       4       133       133
                   q       3       262       237
                root       2        84        84
                  rp       1        72        72
                  rt       1        24        24
                ruby       3       159       159
                   s       1        57        57
                samp       2        84        84
              script       2       105       105
              search       8      1338       835
             section       6      1658      1411
              select       5       545       439
                slot       1        31        31
               small       3       264       234
              source       3       175       150
                span       2        84        84
              strong       2        96        96
               style       5       867       867
                 sub       1        28        28
             summary       1        34        34
                 sup       1        42        42
               table      19     10872      8962
               tbody       9      3425      3206
                  td       2        81        81
            template       8       993       741
            textarea       2       117       117
               tfoot       7      1739      1619
                  th       2        81        81
               thead       6      1658      1573
                time       2        93        93
               title       3       210       180
                  tr       5       426       347
               track       3       168       144
                   u       1        30        30
                  ul       4      3960      3936
                 var       1        60        60
               video       3       231       198
                 wbr       2        57        57
